// Jest Snapshot v1, https://goo.gl/fbAQLP

exports[`Feed renders correctly 1`] = `
<div
  className="feed"
>
  <div
    className="feed__item"
  >
    <div
      className="feed__item-meta"
    >
      <time
        className="feed__item-meta-time"
        dateTime="2016-09-01T00:00:00.000Z"
      >
        Sep 1, 2016
      </time>
      <span
        className="feed__item-meta-divider"
      />
      <span
        className="feed__item-meta-category"
      >
        <a
          className="feed__item-meta-category-link"
          href="/test_0"
        >
          test_0
        </a>
      </span>
    </div>
    <a
      className="feed__item-title-link"
      href="/test_0"
    >
      <h2
        className="feed__item-title"
      >
        test_0
      </h2>
      <p
        className="feed__item-description"
      >
        test_0
      </p>
    </a>
  </div>
  <div
    className="feed__item"
  >
    <div
      className="feed__item-meta"
    >
      <time
        className="feed__item-meta-time"
        dateTime="2016-09-01T00:00:00.000Z"
      >
        Sep 1, 2016
      </time>
      <span
        className="feed__item-meta-divider"
      />
      <span
        className="feed__item-meta-category"
      >
        <a
          className="feed__item-meta-category-link"
          href="/test_1"
        >
          test_1
        </a>
      </span>
    </div>
    <a
      className="feed__item-title-link"
      href="/test_1"
    >
      <h2
        className="feed__item-title"
      >
        test_1
      </h2>
      <p
        className="feed__item-description"
      >
        test_1
      </p>
    </a>
  </div>
</div>
`;
